<html>
<body>
<pre>
<h1>µVision Build Log</h1>
<h2>Tool Versions:</h2>
IDE-Version: •ÏVision V5.14.0.0
Copyright (C) 2015 ARM Ltd and ARM Germany GmbH. All rights reserved.
License Information: user user, dgsw, LIC=----
 
Tool Versions:
Toolchain:       MDK-Lite  Version: 5.14.0.0
Toolchain Path:  C:\Keil_v5\ARM\ARMCC\Bin
C Compiler:      Armcc.exe V5.05 update 1 (build 106)
Assembler:       Armasm.exe V5.05 update 1 (build 106)
Linker/Locator:  ArmLink.exe V5.05 update 1 (build 106)
Library Manager: ArmAr.exe V5.05 update 1 (build 106)
Hex Converter:   FromElf.exe V5.05 update 1 (build 106)
CPU DLL:         SARMCM3.DLL V5.14.0.0
Dialog DLL:      DARMSTM.DLL V1.65.0.0
Target DLL:      STLink\ST-LINKIII-KEIL_SWO.dll V2.0.14.0_KEIL
Dialog DLL:      TARMSTM.DLL V1.64.0.0
 
<h2>Project:</h2>
C:\Data\20200528_01_MICROS\TIMER_PWM.uvproj
Project File Date:  05/28/2020

<h2>Output:</h2>
Build target 'TIMER_PWM'
compiling Timer_pwm.c...
Application\Timer_pwm.c(9): warning:  #188-D: enumerated type mixed with another type
  bool led = 0;
Application\Timer_pwm.c(117): warning:  #1-D: last line of file ends without a newline
  \*----------------------------------------------------------*/
Application\Timer_pwm.c: 2 warnings, 0 errors
linking...
Program Size: Code=1464 RO-data=268 RW-data=28 ZI-data=1124  
FromELF: creating hex file...
".\Output\TIMER_PWM.axf" - 0 Error(s), 2 Warning(s).
</pre>
</body>
</html>
