<html>
<body>
<pre>
<h1>µVision Build Log</h1>
<h2>Tool Versions:</h2>
IDE-Version: •ÏVision V5.14.0.0
Copyright (C) 2015 ARM Ltd and ARM Germany GmbH. All rights reserved.
License Information: user user, dgsw, LIC=----
 
Tool Versions:
Toolchain:       MDK-Lite  Version: 5.14.0.0
Toolchain Path:  C:\Keil_v5\ARM\ARMCC\Bin
C Compiler:      Armcc.exe V5.05 update 1 (build 106)
Assembler:       Armasm.exe V5.05 update 1 (build 106)
Linker/Locator:  ArmLink.exe V5.05 update 1 (build 106)
Library Manager: ArmAr.exe V5.05 update 1 (build 106)
Hex Converter:   FromElf.exe V5.05 update 1 (build 106)
CPU DLL:         SARMCM3.DLL V5.14.0.0
Dialog DLL:      DARMSTM.DLL V1.65.0.0
Target DLL:      STLink\ST-LINKIII-KEIL_SWO.dll V2.0.14.0_KEIL
Dialog DLL:      TARMSTM.DLL V1.64.0.0
 
<h2>Project:</h2>
C:\Data\20200604_keil_project.uvproj
Project File Date:  06/04/2020

<h2>Output:</h2>
Build target '20200604_keil_project'
compiling stm32f10x_it.c...
C:\STM32F10x_StdPeriph_Lib_V3.5.0\Project\STM32F10x_StdPeriph_Examples\GPIO\IOToggle\stm32f10x_it.c(42): warning:  #1295-D: Deprecated declaration pwm_toggle - give arg types
  void pwm_toggle();
C:\STM32F10x_StdPeriph_Lib_V3.5.0\Project\STM32F10x_StdPeriph_Examples\GPIO\IOToggle\stm32f10x_it.c(44): warning:  #1295-D: Deprecated declaration micros_10us - give arg types
  unsigned long micros_10us();
C:\STM32F10x_StdPeriph_Lib_V3.5.0\Project\STM32F10x_StdPeriph_Examples\GPIO\IOToggle\stm32f10x_it.c: 2 warnings, 0 errors
linking...
Program Size: Code=1696 RO-data=268 RW-data=104 ZI-data=1120  
FromELF: creating hex file...
".\Objects\20200604_keil_project.axf" - 0 Error(s), 2 Warning(s).
</pre>
</body>
</html>
