Component: ARM Compiler 5.05 update 1 (build 106) Tool: armlink [4d0efa]

==============================================================================

Section Cross References

    stm32f10x.o(RESET) refers to stm32f10x.o(STACK) for __initial_sp
    stm32f10x.o(RESET) refers to stm32f10x.o(.text) for Reset_Handler
    stm32f10x.o(RESET) refers to exti.o(.text) for SysTick_Handler
    stm32f10x.o(.text) refers to entry.o(.ARM.Collect$$$$00000000) for __main
    exti.o(.text) refers to stm32_init.o(.text) for stm32_Init
    exti.o(.text) refers to exti.o(.data) for count
    entry.o(.ARM.Collect$$$$00000000) refers (Special) to entry10a.o(.ARM.Collect$$$$0000000D) for __rt_final_cpp
    entry.o(.ARM.Collect$$$$00000000) refers (Special) to entry11a.o(.ARM.Collect$$$$0000000F) for __rt_final_exit
    entry.o(.ARM.Collect$$$$00000000) refers (Special) to entry7b.o(.ARM.Collect$$$$00000008) for _main_clock
    entry.o(.ARM.Collect$$$$00000000) refers (Special) to entry8b.o(.ARM.Collect$$$$0000000A) for _main_cpp_init
    entry.o(.ARM.Collect$$$$00000000) refers (Special) to entry9a.o(.ARM.Collect$$$$0000000B) for _main_init
    entry.o(.ARM.Collect$$$$00000000) refers (Special) to entry5.o(.ARM.Collect$$$$00000004) for _main_scatterload
    entry.o(.ARM.Collect$$$$00000000) refers (Special) to entry2.o(.ARM.Collect$$$$00000001) for _main_stk
    entry2.o(.ARM.Collect$$$$00000001) refers to entry2.o(.ARM.Collect$$$$00002712) for __lit__00000000
    entry2.o(.ARM.Collect$$$$00002712) refers to stm32f10x.o(STACK) for __initial_sp
    entry2.o(__vectab_stack_and_reset_area) refers to stm32f10x.o(STACK) for __initial_sp
    entry2.o(__vectab_stack_and_reset_area) refers to entry.o(.ARM.Collect$$$$00000000) for __main
    entry5.o(.ARM.Collect$$$$00000004) refers to init.o(.text) for __scatterload
    entry9a.o(.ARM.Collect$$$$0000000B) refers to exti.o(.text) for main
    entry9b.o(.ARM.Collect$$$$0000000C) refers to exti.o(.text) for main
    init.o(.text) refers to entry5.o(.ARM.Collect$$$$00000004) for __main_after_scatterload


==============================================================================

Removing Unused input sections from the image.

    Removing stm32f10x.o(HEAP), (0 bytes).

1 unused section(s) (total 0 bytes) removed from the image.

==============================================================================

Image Symbol Table

    Local Symbols

    Symbol Name                              Value     Ov Type        Size  Object(Section)

    ../clib/microlib/init/entry.s            0x00000000   Number         0  entry7b.o ABSOLUTE
    ../clib/microlib/init/entry.s            0x00000000   Number         0  entry9a.o ABSOLUTE
    ../clib/microlib/init/entry.s            0x00000000   Number         0  entry8b.o ABSOLUTE
    ../clib/microlib/init/entry.s            0x00000000   Number         0  entry5.o ABSOLUTE
    ../clib/microlib/init/entry.s            0x00000000   Number         0  entry8a.o ABSOLUTE
    ../clib/microlib/init/entry.s            0x00000000   Number         0  entry7a.o ABSOLUTE
    ../clib/microlib/init/entry.s            0x00000000   Number         0  entry11b.o ABSOLUTE
    ../clib/microlib/init/entry.s            0x00000000   Number         0  entry11a.o ABSOLUTE
    ../clib/microlib/init/entry.s            0x00000000   Number         0  entry.o ABSOLUTE
    ../clib/microlib/init/entry.s            0x00000000   Number         0  entry10b.o ABSOLUTE
    ../clib/microlib/init/entry.s            0x00000000   Number         0  entry10a.o ABSOLUTE
    ../clib/microlib/init/entry.s            0x00000000   Number         0  entry2.o ABSOLUTE
    ../clib/microlib/init/entry.s            0x00000000   Number         0  entry9b.o ABSOLUTE
    Application\Exti.c                       0x00000000   Number         0  exti.o ABSOLUTE
    Initialisation\STM32F10x.s               0x00000000   Number         0  stm32f10x.o ABSOLUTE
    Initialisation\STM32_Init.c              0x00000000   Number         0  stm32_init.o ABSOLUTE
    dc.s                                     0x00000000   Number         0  dc.o ABSOLUTE
    handlers.s                               0x00000000   Number         0  handlers.o ABSOLUTE
    init.s                                   0x00000000   Number         0  init.o ABSOLUTE
    RESET                                    0x08000000   Section      236  stm32f10x.o(RESET)
    .ARM.Collect$$$$00000000                 0x080000ec   Section        0  entry.o(.ARM.Collect$$$$00000000)
    .ARM.Collect$$$$00000001                 0x080000ec   Section        4  entry2.o(.ARM.Collect$$$$00000001)
    .ARM.Collect$$$$00000004                 0x080000f0   Section        4  entry5.o(.ARM.Collect$$$$00000004)
    .ARM.Collect$$$$00000008                 0x080000f4   Section        0  entry7b.o(.ARM.Collect$$$$00000008)
    .ARM.Collect$$$$0000000A                 0x080000f4   Section        0  entry8b.o(.ARM.Collect$$$$0000000A)
    .ARM.Collect$$$$0000000B                 0x080000f4   Section        8  entry9a.o(.ARM.Collect$$$$0000000B)
    .ARM.Collect$$$$0000000D                 0x080000fc   Section        0  entry10a.o(.ARM.Collect$$$$0000000D)
    .ARM.Collect$$$$0000000F                 0x080000fc   Section        0  entry11a.o(.ARM.Collect$$$$0000000F)
    .ARM.Collect$$$$00002712                 0x080000fc   Section        4  entry2.o(.ARM.Collect$$$$00002712)
    __lit__00000000                          0x080000fc   Data           4  entry2.o(.ARM.Collect$$$$00002712)
    .text                                    0x08000100   Section       28  stm32f10x.o(.text)
    .text                                    0x0800011c   Section        0  stm32_init.o(.text)
    .text                                    0x0800047c   Section        0  exti.o(.text)
    .text                                    0x08000840   Section       36  init.o(.text)
    i.__scatterload_copy                     0x08000864   Section       14  handlers.o(i.__scatterload_copy)
    i.__scatterload_null                     0x08000872   Section        2  handlers.o(i.__scatterload_null)
    i.__scatterload_zeroinit                 0x08000874   Section       14  handlers.o(i.__scatterload_zeroinit)
    .data                                    0x20000000   Section       44  exti.o(.data)
    STACK                                    0x20000030   Section     1024  stm32f10x.o(STACK)

    Global Symbols

    Symbol Name                              Value     Ov Type        Size  Object(Section)

    BuildAttributes$$THM_ISAv4$P$D$K$B$S$PE$A:L22UL41UL21$X:L11$S22US41US21$IEEE1$IW$USESV6$~STKCKD$USESV7$~SHL$OSPACE$EBA8$MICROLIB$REQ8$PRES8$EABIv2 0x00000000   Number         0  anon$$obj.o ABSOLUTE
    __ARM_use_no_argv                        0x00000000   Number         0  exti.o ABSOLUTE
    __cpp_initialize__aeabi_                  - Undefined Weak Reference
    __cxa_finalize                            - Undefined Weak Reference
    __decompress                              - Undefined Weak Reference
    _clock_init                               - Undefined Weak Reference
    _microlib_exit                            - Undefined Weak Reference
    __Vectors                                0x08000000   Data           4  stm32f10x.o(RESET)
    __main                                   0x080000ed   Thumb Code     0  entry.o(.ARM.Collect$$$$00000000)
    _main_stk                                0x080000ed   Thumb Code     0  entry2.o(.ARM.Collect$$$$00000001)
    _main_scatterload                        0x080000f1   Thumb Code     0  entry5.o(.ARM.Collect$$$$00000004)
    __main_after_scatterload                 0x080000f5   Thumb Code     0  entry5.o(.ARM.Collect$$$$00000004)
    _main_clock                              0x080000f5   Thumb Code     0  entry7b.o(.ARM.Collect$$$$00000008)
    _main_cpp_init                           0x080000f5   Thumb Code     0  entry8b.o(.ARM.Collect$$$$0000000A)
    _main_init                               0x080000f5   Thumb Code     0  entry9a.o(.ARM.Collect$$$$0000000B)
    __rt_final_cpp                           0x080000fd   Thumb Code     0  entry10a.o(.ARM.Collect$$$$0000000D)
    __rt_final_exit                          0x080000fd   Thumb Code     0  entry11a.o(.ARM.Collect$$$$0000000F)
    Reset_Handler                            0x08000101   Thumb Code     4  stm32f10x.o(.text)
    NMI_Handler                              0x08000105   Thumb Code     2  stm32f10x.o(.text)
    HardFault_Handler                        0x08000107   Thumb Code     2  stm32f10x.o(.text)
    MemManage_Handler                        0x08000109   Thumb Code     2  stm32f10x.o(.text)
    BusFault_Handler                         0x0800010b   Thumb Code     2  stm32f10x.o(.text)
    UsageFault_Handler                       0x0800010d   Thumb Code     2  stm32f10x.o(.text)
    SVC_Handler                              0x0800010f   Thumb Code     2  stm32f10x.o(.text)
    DebugMon_Handler                         0x08000111   Thumb Code     2  stm32f10x.o(.text)
    PendSV_Handler                           0x08000113   Thumb Code     2  stm32f10x.o(.text)
    ADC_IRQHandler                           0x08000117   Thumb Code     0  stm32f10x.o(.text)
    CAN_RX1_IRQHandler                       0x08000117   Thumb Code     0  stm32f10x.o(.text)
    CAN_SCE_IRQHandler                       0x08000117   Thumb Code     0  stm32f10x.o(.text)
    DMAChannel1_IRQHandler                   0x08000117   Thumb Code     0  stm32f10x.o(.text)
    DMAChannel2_IRQHandler                   0x08000117   Thumb Code     0  stm32f10x.o(.text)
    DMAChannel3_IRQHandler                   0x08000117   Thumb Code     0  stm32f10x.o(.text)
    DMAChannel4_IRQHandler                   0x08000117   Thumb Code     0  stm32f10x.o(.text)
    DMAChannel5_IRQHandler                   0x08000117   Thumb Code     0  stm32f10x.o(.text)
    DMAChannel6_IRQHandler                   0x08000117   Thumb Code     0  stm32f10x.o(.text)
    DMAChannel7_IRQHandler                   0x08000117   Thumb Code     0  stm32f10x.o(.text)
    EXTI2_IRQHandler                         0x08000117   Thumb Code     0  stm32f10x.o(.text)
    EXTI3_IRQHandler                         0x08000117   Thumb Code     0  stm32f10x.o(.text)
    EXTI4_IRQHandler                         0x08000117   Thumb Code     0  stm32f10x.o(.text)
    FLASH_IRQHandler                         0x08000117   Thumb Code     0  stm32f10x.o(.text)
    I2C1_ER_IRQHandler                       0x08000117   Thumb Code     0  stm32f10x.o(.text)
    I2C1_EV_IRQHandler                       0x08000117   Thumb Code     0  stm32f10x.o(.text)
    I2C2_ER_IRQHandler                       0x08000117   Thumb Code     0  stm32f10x.o(.text)
    I2C2_EV_IRQHandler                       0x08000117   Thumb Code     0  stm32f10x.o(.text)
    PVD_IRQHandler                           0x08000117   Thumb Code     0  stm32f10x.o(.text)
    RCC_IRQHandler                           0x08000117   Thumb Code     0  stm32f10x.o(.text)
    RTCAlarm_IRQHandler                      0x08000117   Thumb Code     0  stm32f10x.o(.text)
    RTC_IRQHandler                           0x08000117   Thumb Code     0  stm32f10x.o(.text)
    SPI1_IRQHandler                          0x08000117   Thumb Code     0  stm32f10x.o(.text)
    SPI2_IRQHandler                          0x08000117   Thumb Code     0  stm32f10x.o(.text)
    TAMPER_IRQHandler                        0x08000117   Thumb Code     0  stm32f10x.o(.text)
    TIM1_BRK_IRQHandler                      0x08000117   Thumb Code     0  stm32f10x.o(.text)
    TIM1_CC_IRQHandler                       0x08000117   Thumb Code     0  stm32f10x.o(.text)
    TIM1_TRG_COM_IRQHandler                  0x08000117   Thumb Code     0  stm32f10x.o(.text)
    TIM1_UP_IRQHandler                       0x08000117   Thumb Code     0  stm32f10x.o(.text)
    TIM3_IRQHandler                          0x08000117   Thumb Code     0  stm32f10x.o(.text)
    TIM4_IRQHandler                          0x08000117   Thumb Code     0  stm32f10x.o(.text)
    USART1_IRQHandler                        0x08000117   Thumb Code     0  stm32f10x.o(.text)
    USART2_IRQHandler                        0x08000117   Thumb Code     0  stm32f10x.o(.text)
    USART3_IRQHandler                        0x08000117   Thumb Code     0  stm32f10x.o(.text)
    USBWakeUp_IRQHandler                     0x08000117   Thumb Code     0  stm32f10x.o(.text)
    USB_HP_CAN_TX_IRQHandler                 0x08000117   Thumb Code     0  stm32f10x.o(.text)
    USB_LP_CAN_RX0_IRQHandler                0x08000117   Thumb Code     0  stm32f10x.o(.text)
    WWDG_IRQHandler                          0x08000117   Thumb Code     0  stm32f10x.o(.text)
    stm32_EfiSetup                           0x0800011d   Thumb Code     8  stm32_init.o(.text)
    stm32_ClockSetup                         0x08000125   Thumb Code    54  stm32_init.o(.text)
    stm32_NvicSetup                          0x0800015b   Thumb Code     2  stm32_init.o(.text)
    stm32_IwdgSetup                          0x0800015d   Thumb Code    32  stm32_init.o(.text)
    stm32_SysTickSetup                       0x0800017d   Thumb Code     2  stm32_init.o(.text)
    stm32_RtcSetup                           0x0800017f   Thumb Code   174  stm32_init.o(.text)
    stm32_TimerSetup                         0x0800022d   Thumb Code    88  stm32_init.o(.text)
    stm32_GpioSetup                          0x08000285   Thumb Code    76  stm32_init.o(.text)
    stm32_UsartSetup                         0x080002d1   Thumb Code   134  stm32_init.o(.text)
    stm32_ExtiSetup                          0x08000357   Thumb Code    90  stm32_init.o(.text)
    stm32_AfRemapSetup                       0x080003b1   Thumb Code     2  stm32_init.o(.text)
    stm32_TamperSetup                        0x080003b3   Thumb Code    96  stm32_init.o(.text)
    stm32_Init                               0x08000413   Thumb Code    24  stm32_init.o(.text)
    stm32_GetPCLK1                           0x0800042b   Thumb Code     4  stm32_init.o(.text)
    PWR_EnterSTANDBYMode                     0x0800047d   Thumb Code    42  exti.o(.text)
    micros_10us                              0x080004a7   Thumb Code     6  exti.o(.text)
    EXTI0_IRQHandler                         0x080004ad   Thumb Code   114  exti.o(.text)
    EXTI1_IRQHandler                         0x0800051f   Thumb Code    72  exti.o(.text)
    EXTI9_5_IRQHandler                       0x08000567   Thumb Code   116  exti.o(.text)
    EXTI15_10_IRQHandler                     0x080005db   Thumb Code    68  exti.o(.text)
    TIM2_IRQHandler                          0x0800061f   Thumb Code   108  exti.o(.text)
    Delay                                    0x0800068b   Thumb Code    16  exti.o(.text)
    TimingDelay_Decrement                    0x0800069b   Thumb Code    18  exti.o(.text)
    SysTick_Handler                          0x080006ad   Thumb Code    18  exti.o(.text)
    main                                     0x080006bf   Thumb Code   310  exti.o(.text)
    __scatterload                            0x08000841   Thumb Code    28  init.o(.text)
    __scatterload_rt2                        0x08000841   Thumb Code     0  init.o(.text)
    __scatterload_copy                       0x08000865   Thumb Code    14  handlers.o(i.__scatterload_copy)
    __scatterload_null                       0x08000873   Thumb Code     2  handlers.o(i.__scatterload_null)
    __scatterload_zeroinit                   0x08000875   Thumb Code    14  handlers.o(i.__scatterload_zeroinit)
    Region$$Table$$Base                      0x08000884   Number         0  anon$$obj.o(Region$$Table)
    Region$$Table$$Limit                     0x080008a4   Number         0  anon$$obj.o(Region$$Table)
    ledLight                                 0x20000000   Data           4  exti.o(.data)
    ledLight1                                0x20000004   Data           4  exti.o(.data)
    count                                    0x20000008   Data           4  exti.o(.data)
    TimingDelay                              0x2000000c   Data           4  exti.o(.data)
    hightime                                 0x20000010   Data           4  exti.o(.data)
    lowtime                                  0x20000014   Data           4  exti.o(.data)
    howlong                                  0x20000018   Data           4  exti.o(.data)
    ledLight2                                0x2000001c   Data           4  exti.o(.data)
    ledLight3                                0x20000020   Data           4  exti.o(.data)
    Alarm                                    0x20000024   Data           4  exti.o(.data)
    buzzerflag                               0x20000028   Data           4  exti.o(.data)
    __initial_sp                             0x20000430   Data           0  stm32f10x.o(STACK)



==============================================================================

Memory Map of the image

  Image Entry point : 0x080000ed

  Load Region LR_IROM1 (Base: 0x08000000, Size: 0x000008d0, Max: 0x00020000, ABSOLUTE)

    Execution Region ER_IROM1 (Base: 0x08000000, Size: 0x000008a4, Max: 0x00020000, ABSOLUTE)

    Base Addr    Size         Type   Attr      Idx    E Section Name        Object

    0x08000000   0x000000ec   Data   RO            3    RESET               stm32f10x.o
    0x080000ec   0x00000000   Code   RO          132  * .ARM.Collect$$$$00000000  mc_w.l(entry.o)
    0x080000ec   0x00000004   Code   RO          135    .ARM.Collect$$$$00000001  mc_w.l(entry2.o)
    0x080000f0   0x00000004   Code   RO          138    .ARM.Collect$$$$00000004  mc_w.l(entry5.o)
    0x080000f4   0x00000000   Code   RO          140    .ARM.Collect$$$$00000008  mc_w.l(entry7b.o)
    0x080000f4   0x00000000   Code   RO          142    .ARM.Collect$$$$0000000A  mc_w.l(entry8b.o)
    0x080000f4   0x00000008   Code   RO          143    .ARM.Collect$$$$0000000B  mc_w.l(entry9a.o)
    0x080000fc   0x00000000   Code   RO          145    .ARM.Collect$$$$0000000D  mc_w.l(entry10a.o)
    0x080000fc   0x00000000   Code   RO          147    .ARM.Collect$$$$0000000F  mc_w.l(entry11a.o)
    0x080000fc   0x00000004   Code   RO          136    .ARM.Collect$$$$00002712  mc_w.l(entry2.o)
    0x08000100   0x0000001c   Code   RO            4    .text               stm32f10x.o
    0x0800011c   0x00000360   Code   RO           10    .text               stm32_init.o
    0x0800047c   0x000003c4   Code   RO          110    .text               exti.o
    0x08000840   0x00000024   Code   RO          149    .text               mc_w.l(init.o)
    0x08000864   0x0000000e   Code   RO          153    i.__scatterload_copy  mc_w.l(handlers.o)
    0x08000872   0x00000002   Code   RO          154    i.__scatterload_null  mc_w.l(handlers.o)
    0x08000874   0x0000000e   Code   RO          155    i.__scatterload_zeroinit  mc_w.l(handlers.o)
    0x08000882   0x00000002   PAD
    0x08000884   0x00000020   Data   RO          151    Region$$Table       anon$$obj.o


    Execution Region RW_IRAM1 (Base: 0x20000000, Size: 0x00000430, Max: 0x00005000, ABSOLUTE)

    Base Addr    Size         Type   Attr      Idx    E Section Name        Object

    0x20000000   0x0000002c   Data   RW          111    .data               exti.o
    0x2000002c   0x00000004   PAD
    0x20000030   0x00000400   Zero   RW            1    STACK               stm32f10x.o


==============================================================================

Image component sizes


      Code (inc. data)   RO Data    RW Data    ZI Data      Debug   Object Name

       964         76          0         44          0       2859   exti.o
       864         78          0          0          0       3737   stm32_init.o
        28          4        236          0       1024        784   stm32f10x.o

    ----------------------------------------------------------------------
      1856        158        268         44       1028       7380   Object Totals
         0          0         32          0          0          0   (incl. Generated)
         0          0          0          0          4          0   (incl. Padding)

    ----------------------------------------------------------------------

      Code (inc. data)   RO Data    RW Data    ZI Data      Debug   Library Member Name

         0          0          0          0          0          0   entry.o
         0          0          0          0          0          0   entry10a.o
         0          0          0          0          0          0   entry11a.o
         8          4          0          0          0          0   entry2.o
         4          0          0          0          0          0   entry5.o
         0          0          0          0          0          0   entry7b.o
         0          0          0          0          0          0   entry8b.o
         8          4          0          0          0          0   entry9a.o
        30          0          0          0          0          0   handlers.o
        36          8          0          0          0         68   init.o

    ----------------------------------------------------------------------
        88         16          0          0          0         68   Library Totals
         2          0          0          0          0          0   (incl. Padding)

    ----------------------------------------------------------------------

      Code (inc. data)   RO Data    RW Data    ZI Data      Debug   Library Name

        86         16          0          0          0         68   mc_w.l

    ----------------------------------------------------------------------
        88         16          0          0          0         68   Library Totals

    ----------------------------------------------------------------------

==============================================================================


      Code (inc. data)   RO Data    RW Data    ZI Data      Debug   

      1944        174        268         44       1028       7496   Grand Totals
      1944        174        268         44       1028       7496   ELF Image Totals
      1944        174        268         44          0          0   ROM Totals

==============================================================================

    Total RO  Size (Code + RO Data)                 2212 (   2.16kB)
    Total RW  Size (RW Data + ZI Data)              1072 (   1.05kB)
    Total ROM Size (Code + RO Data + RW Data)       2256 (   2.20kB)

==============================================================================

