<html>
<body>
<pre>
<h1>µVision Build Log</h1>
<h2>Tool Versions:</h2>
IDE-Version: •ÏVision V5.14.0.0
Copyright (C) 2015 ARM Ltd and ARM Germany GmbH. All rights reserved.
License Information: user user, dgsw, LIC=----
 
Tool Versions:
Toolchain:       MDK-Lite  Version: 5.14.0.0
Toolchain Path:  C:\Keil_v5\ARM\ARMCC\Bin
C Compiler:      Armcc.exe V5.05 update 1 (build 106)
Assembler:       Armasm.exe V5.05 update 1 (build 106)
Linker/Locator:  ArmLink.exe V5.05 update 1 (build 106)
Library Manager: ArmAr.exe V5.05 update 1 (build 106)
Hex Converter:   FromElf.exe V5.05 update 1 (build 106)
CPU DLL:         SARMCM3.DLL V5.14.0.0
Dialog DLL:      DARMSTM.DLL V1.65.0.0
Target DLL:      STLink\ST-LINKIII-KEIL_SWO.dll V2.0.14.0_KEIL
Dialog DLL:      TARMSTM.DLL V1.64.0.0
 
<h2>Project:</h2>
C:\Data\20200514_02_GPIO\TIMER_PWM.uvproj
Project File Date:  05/14/2020

<h2>Output:</h2>
Rebuild target 'TIMER_PWM'
assembling STM32F10x.s...
compiling STM32_Init.c...
Initialisation\STM32_Init.c(4420): warning:  #61-D: integer operation result is out of range
      USART1->BRR  = __USART_BRR(__PCLK2, __USART1_BAUDRATE); // set baudrate
Initialisation\STM32_Init.c(4420): warning:  #61-D: integer operation result is out of range
      USART1->BRR  = __USART_BRR(__PCLK2, __USART1_BAUDRATE); // set baudrate
Initialisation\STM32_Init.c(4420): warning:  #61-D: integer operation result is out of range
      USART1->BRR  = __USART_BRR(__PCLK2, __USART1_BAUDRATE); // set baudrate
Initialisation\STM32_Init.c: 3 warnings, 0 errors
compiling Timer_pwm.c...
Application\Timer_pwm.c(70): warning:  #1-D: last line of file ends without a newline
  \*----------------------------------------------------------*/
Application\Timer_pwm.c: 1 warning, 0 errors
linking...
Program Size: Code=1248 RO-data=268 RW-data=8 ZI-data=1120  
FromELF: creating hex file...
".\Output\TIMER_PWM.axf" - 0 Error(s), 4 Warning(s).
</pre>
</body>
</html>
